Godot Engine v4.7.2.stable.official.ed1daf0bf - https://godotengine.org

[   0% ] [90m[1mfirst_scan_filesystem[22m | Started Инициализация проекта (5 steps)[39m[0m
[   0% ] [90m[1mfirst_scan_filesystem[22m | Сканирование структуры файлов…[39m[0m
[  16% ] [90m[1mfirst_scan_filesystem[22m | Загрузка глобальных имен классов…[39m[0m
[  33% ] [90m[1mfirst_scan_filesystem[22m | Проверка GDExtensions…[39m[0m
[  50% ] [90m[1mfirst_scan_filesystem[22m | Создание скриптов автозагрузки…[39m[0m
[  66% ] [90m[1mfirst_scan_filesystem[22m | Инициализация плагинов…[39m[0m
[  83% ] [90m[1mfirst_scan_filesystem[22m | Начало сканирование файлов…[39m[0m
[92m[ DONE ][39m [1mfirst_scan_filesystem[22m
[0m
[   0% ] [90m[1mupdate_scripts_classes[22m | Started Регистрация глобальных классов… (55 steps)[39m[0m
[   0% ] [90m[1mupdate_scripts_classes[22m | [39m[0m
[   1% ] [90m[1mupdate_scripts_classes[22m | [39m[0m
[   3% ] [90m[1mupdate_scripts_classes[22m | [39m[0m
[   5% ] [90m[1mupdate_scripts_classes[22m | [39m[0m
[   7% ] [90m[1mupdate_scripts_classes[22m | [39m[0m
[   8% ] [90m[1mupdate_scripts_classes[22m | [39m[0m
[  10% ] [90m[1mupdate_scripts_classes[22m | [39m[0m
[  12% ] [90m[1mupdate_scripts_classes[22m | [39m[0m
[  14% ] [90m[1mupdate_scripts_classes[22m | [39m[0m
[  16% ] [90m[1mupdate_scripts_classes[22m | [39m[0m
[  17% ] [90m[1mupdate_scripts_classes[22m | [39m[0m
[  19% ] [90m[1mupdate_scripts_classes[22m | [39m[0m
[  21% ] [90m[1mupdate_scripts_classes[22m | [39m[0m
[  23% ] [90m[1mupdate_scripts_classes[22m | [39m[0m
[  25% ] [90m[1mupdate_scripts_classes[22m | [39m[0m
[  26% ] [90m[1mupdate_scripts_classes[22m | [39m[0m
[  28% ] [90m[1mupdate_scripts_classes[22m | [39m[0m
[  30% ] [90m[1mupdate_scripts_classes[22m | [39m[0m
[  32% ] [90m[1mupdate_scripts_classes[22m | [39m[0m
[  33% ] [90m[1mupdate_scripts_classes[22m | [39m[0m
[  35% ] [90m[1mupdate_scripts_classes[22m | [39m[0m
[  37% ] [90m[1mupdate_scripts_classes[22m | [39m[0m
[  39% ] [90m[1mupdate_scripts_classes[22m | [39m[0m
[  41% ] [90m[1mupdate_scripts_classes[22m | [39m[0m
[  42% ] [90m[1mupdate_scripts_classes[22m | [39m[0m
[  44% ] [90m[1mupdate_scripts_classes[22m | [39m[0m
[  46% ] [90m[1mupdate_scripts_classes[22m | [39m[0m
[  48% ] [90m[1mupdate_scripts_classes[22m | [39m[0m
[  50% ] [90m[1mupdate_scripts_classes[22m | [39m[0m
[  51% ] [90m[1mupdate_scripts_classes[22m | [39m[0m
[  53% ] [90m[1mupdate_scripts_classes[22m | [39m[0m
[  55% ] [90m[1mupdate_scripts_classes[22m | [39m[0m
[  57% ] [90m[1mupdate_scripts_classes[22m | [39m[0m
[  58% ] [90m[1mupdate_scripts_classes[22m | [39m[0m
[  60% ] [90m[1mupdate_scripts_classes[22m | [39m[0m
[  62% ] [90m[1mupdate_scripts_classes[22m | [39m[0m
[  64% ] [90m[1mupdate_scripts_classes[22m | [39m[0m
[  66% ] [90m[1mupdate_scripts_classes[22m | [39m[0m
[  67% ] [90m[1mupdate_scripts_classes[22m | NativeVehicleTyreContactProviderFastCandidate[39m[0m
[  69% ] [90m[1mupdate_scripts_classes[22m | [39m[0m
[  71% ] [90m[1mupdate_scripts_classes[22m | [39m[0m
[  73% ] [90m[1mupdate_scripts_classes[22m | [39m[0m
[  75% ] [90m[1mupdate_scripts_classes[22m | [39m[0m
[  76% ] [90m[1mupdate_scripts_classes[22m | [39m[0m
[  78% ] [90m[1mupdate_scripts_classes[22m | [39m[0m
[  80% ] [90m[1mupdate_scripts_classes[22m | [39m[0m
[  82% ] [90m[1mupdate_scripts_classes[22m | [39m[0m
[  83% ] [90m[1mupdate_scripts_classes[22m | [39m[0m
[  85% ] [90m[1mupdate_scripts_classes[22m | [39m[0m
[  87% ] [90m[1mupdate_scripts_classes[22m | [39m[0m
[  89% ] [90m[1mupdate_scripts_classes[22m | [39m[0m
[  91% ] [90m[1mupdate_scripts_classes[22m | [39m[0m
[  92% ] [90m[1mupdate_scripts_classes[22m | WalkPreviewPlayer[39m[0m
[  94% ] [90m[1mupdate_scripts_classes[22m | [39m[0m
[  96% ] [90m[1mupdate_scripts_classes[22m | [39m[0m
[92m[ DONE ][39m [1mupdate_scripts_classes[22m
[0m
[   0% ] [90m[1m_update_scan_actions[22m | Started Сканирование действий… (16 steps)[39m[0m
[   0% ] [90m[1m_update_scan_actions[22m | ak74.png[39m[0m
[   5% ] [90m[1m_update_scan_actions[22m | deagle.png[39m[0m
[  11% ] [90m[1m_update_scan_actions[22m | golden_colt.png[39m[0m
[  17% ] [90m[1m_update_scan_actions[22m | golden_uzi.png[39m[0m
[  23% ] [90m[1m_update_scan_actions[22m | m16.png[39m[0m
[  29% ] [90m[1m_update_scan_actions[22m | nagan.png[39m[0m
[  35% ] [90m[1m_update_scan_actions[22m | none.png[39m[0m
[  41% ] [90m[1m_update_scan_actions[22m | revolver.png[39m[0m
[  47% ] [90m[1m_update_scan_actions[22m | rpg.png[39m[0m
[  52% ] [90m[1m_update_scan_actions[22m | sawn_off.png[39m[0m
[  58% ] [90m[1m_update_scan_actions[22m | shotgun.png[39m[0m
[  64% ] [90m[1m_update_scan_actions[22m | sniper.png[39m[0m
[  70% ] [90m[1m_update_scan_actions[22m | tommy_gun.png[39m[0m
[  76% ] [90m[1m_update_scan_actions[22m | tt_pistol.png[39m[0m
[  82% ] [90m[1m_update_scan_actions[22m | uzi.png[39m[0m
[  88% ] [90m[1m_update_scan_actions[22m | scope_optic.svg[39m[0m
[92m[ DONE ][39m [1m_update_scan_actions[22m
[0m
[   0% ] [90m[1mreimport[22m | Started Импорт или повторный импорт ассетов (16 steps)[39m[0m
[   0% ] [90m[1mreimport[22m | Подготовка файлов к повторному импорту…[39m[0m
[   5% ] [90m[1mreimport[22m | Подготовка файлов к повторному импорту…[39m[0m
[  11% ] [90m[1mreimport[22m | Подготовка файлов к повторному импорту…[39m[0m
[  17% ] [90m[1mreimport[22m | Подготовка файлов к повторному импорту…[39m[0m
[  23% ] [90m[1mreimport[22m | Подготовка файлов к повторному импорту…[39m[0m
[  29% ] [90m[1mreimport[22m | Подготовка файлов к повторному импорту…[39m[0m
[  35% ] [90m[1mreimport[22m | Подготовка файлов к повторному импорту…[39m[0m
[  41% ] [90m[1mreimport[22m | Подготовка файлов к повторному импорту…[39m[0m
[  47% ] [90m[1mreimport[22m | Подготовка файлов к повторному импорту…[39m[0m
[  52% ] [90m[1mreimport[22m | Подготовка файлов к повторному импорту…[39m[0m
[  58% ] [90m[1mreimport[22m | Подготовка файлов к повторному импорту…[39m[0m
[  64% ] [90m[1mreimport[22m | Подготовка файлов к повторному импорту…[39m[0m
[  70% ] [90m[1mreimport[22m | Подготовка файлов к повторному импорту…[39m[0m
[  76% ] [90m[1mreimport[22m | Подготовка файлов к повторному импорту…[39m[0m
[  82% ] [90m[1mreimport[22m | Подготовка файлов к повторному импорту…[39m[0m
[  88% ] [90m[1mreimport[22m | Подготовка файлов к повторному импорту…[39m[0m
[   0% ] [90m[1mreimport[22m | Выполнение предимпортных операций…[39m[0m
[   0% ] [90m[1mreimport[22m | ak74.png[39m[0m
[   5% ] [90m[1mreimport[22m | deagle.png[39m[0m
[  11% ] [90m[1mreimport[22m | golden_colt.png[39m[0m
[  17% ] [90m[1mreimport[22m | golden_uzi.png[39m[0m
[  23% ] [90m[1mreimport[22m | m16.png[39m[0m
[  29% ] [90m[1mreimport[22m | nagan.png[39m[0m
[  35% ] [90m[1mreimport[22m | none.png[39m[0m
[  41% ] [90m[1mreimport[22m | revolver.png[39m[0m
[  47% ] [90m[1mreimport[22m | rpg.png[39m[0m
[  52% ] [90m[1mreimport[22m | sawn_off.png[39m[0m
[  58% ] [90m[1mreimport[22m | shotgun.png[39m[0m
[  64% ] [90m[1mreimport[22m | sniper.png[39m[0m
[  70% ] [90m[1mreimport[22m | tommy_gun.png[39m[0m
[  76% ] [90m[1mreimport[22m | tt_pistol.png[39m[0m
[  82% ] [90m[1mreimport[22m | uzi.png[39m[0m
[  88% ] [90m[1mreimport[22m | scope_optic.svg[39m[0m
[  94% ] [90m[1mreimport[22m | Завершение импорта активов…[39m[0m
[92m[ DONE ][39m [1mreimport[22m
[0m
[   0% ] [90m[1mreimport[22m | Started Импорт или повторный импорт ассетов (16 steps)[39m[0m
[   0% ] [90m[1mreimport[22m | Выполнение операций после реимпорта…[39m[0m
[92m[ DONE ][39m [1mreimport[22m
[0m
[   0% ] [90m[1mloading_editor_layout[22m | Started Загрузка редактора (5 steps)[39m[0m
[   0% ] [90m[1mloading_editor_layout[22m | Загрузка макета редактора…[39m[0m
[  16% ] [90m[1mloading_editor_layout[22m | Загрузка док-панели…[39m[0m
[  33% ] [90m[1mloading_editor_layout[22m | Повторное открытие сцен…[39m[0m
[  50% ] [90m[1mloading_editor_layout[22m | Загрузка макета центрального редактора…[39m[0m
[  66% ] [90m[1mloading_editor_layout[22m | Загрузка макета окна плагина…[39m[0m
SCRIPT ERROR: Parse Error: Class "NativeVehicleBody" hides a global script class.
   at: GDScript::reload (res://../../outputs/vehicle_native_body_candidate_873976.gd:1)
ERROR: Failed to load script "res://../../outputs/vehicle_native_body_candidate_873976.gd" with error "Parse error".
   at: load (modules/gdscript/gdscript_resource_format.cpp:46)
[  83% ] [90m[1mloading_editor_layout[22m | Макет редактора готов.[39m[0m
[92m[ DONE ][39m [1mloading_editor_layout[22m
[0m
