Godot Engine v4.7.2.stable.official.ed1daf0bf - https://godotengine.org

SCRIPT ERROR: Parse Error: Cannot infer the type of "emit_point" variable because the value doesn't have a set type.
   at: GDScript::reload (res://scripts/npc_visual/npc_blood_adapter.gd:70)
   GDScript backtrace (most recent call first):
       [0] run (C:/Users/Слава/Desktop/Мафиози/outputs/coordinator23_rpg23i/blood_proposal/test_actual_blood.gd:202)
SCRIPT ERROR: Compile Error: Failed to compile depended scripts.
   at: GDScript::reload (res://scripts/npc_visual/npc_local_preview_hit_owner.gd:0)
   GDScript backtrace (most recent call first):
       [0] run (C:/Users/Слава/Desktop/Мафиози/outputs/coordinator23_rpg23i/blood_proposal/test_actual_blood.gd:202)
SCRIPT ERROR: Compile Error: Failed to compile depended scripts.
   at: GDScript::reload (res://scripts/preview_population.gd:0)
   GDScript backtrace (most recent call first):
       [0] run (C:/Users/Слава/Desktop/Мафиози/outputs/coordinator23_rpg23i/blood_proposal/test_actual_blood.gd:202)
SCRIPT ERROR: Compile Error: Failed to compile depended scripts.
   at: GDScript::reload (res://scripts/main.gd:0)
   GDScript backtrace (most recent call first):
       [0] run (C:/Users/Слава/Desktop/Мафиози/outputs/coordinator23_rpg23i/blood_proposal/test_actual_blood.gd:202)
ERROR: Failed to load script "res://scripts/main.gd" with error "Compilation failed".
   at: load (modules/gdscript/gdscript_resource_format.cpp:46)
   GDScript backtrace (most recent call first):
       [0] run (C:/Users/Слава/Desktop/Мафиози/outputs/coordinator23_rpg23i/blood_proposal/test_actual_blood.gd:202)
SCRIPT ERROR: Invalid call. Nonexistent function 'new' in base 'GDScript'.
   at: configure (res://scripts/npc_visual/npc_local_preview_hit_owner.gd:96)
   GDScript backtrace (most recent call first):
       [0] configure (res://scripts/npc_visual/npc_local_preview_hit_owner.gd:96)
       [1] setup (res://scripts/preview_population.gd:79)
       [2] _ready (res://scripts/main.gd:209)
MAFIOZI_PREVIEW_READY buildings=8 decor=8 source_colliders=27 renderer=forward_plus
PRINTSHOP_INTERIOR_STATUS ready
WATER_SURFACE_STATUS detail_ready
STATIC_BATCH_STATUS disabled
RESIDENT_POPULATION_STATUS failed
MELEE_PRACTICE_STATUS ground_practice_no_combat_targets
FAIL actual full main3 original NPC ready
RPG_ACTUAL_MAIN_RESULT {"case":"floor","checks":1,"errors":["actual full main3 original NPC ready"],"seconds":13.298}
